Screen.hpp:103:18:virtual void touchgfx::Screen::afterTransition()	0	static
Screen.hpp:153:18:virtual void touchgfx::Screen::handleKeyEvent(uint8_t)	0	static
MainScreenView.cpp:59:6:virtual void MainScreenView::tearDownScreen()	0	static
MainScreenView.cpp:244:6:virtual void MainScreenView::TenScrollWheelUpdateItem(CustomContainer1&, int16_t)	0	static
MainScreenView.cpp:250:6:virtual void MainScreenView::TenScrollWheelUpdateCenterItem(CustomContainer2&, int16_t)	8	static
MainScreenView.cpp:262:6:virtual void MainScreenView::DigitScrollWheelUpdateCenterItem(CustomContainer2&, int16_t)	8	static
MainScreenView.cpp:268:6:void MainScreenView::callBackHandler(int16_t)	0	static
Callback.hpp:357:8:touchgfx::Callback<MainScreenView, short int>::~Callback()	0	static
DrawableList.hpp:79:7:touchgfx::DrawableListItems<CustomContainer1, 4>::~DrawableListItems()	16	static
DrawableList.hpp:79:7:touchgfx::DrawableListItems<CustomContainer2, 2>::~DrawableListItems()	16	static
Callback.hpp:386:18:void touchgfx::Callback<dest_type, T1, void, void>::execute(T1) [with dest_type = MainScreenView; T1 = short int]	8	static
Callback.hpp:396:18:bool touchgfx::Callback<dest_type, T1, void, void>::isValid() const [with dest_type = MainScreenView; T1 = short int]	0	static
DrawableList.hpp:101:21:int16_t touchgfx::DrawableListItems<TYPE, SIZE>::getNumberOfDrawables() [with TYPE = CustomContainer2; int SIZE = 2]	0	static
DrawableList.hpp:101:21:int16_t touchgfx::DrawableListItems<TYPE, SIZE>::getNumberOfDrawables() [with TYPE = CustomContainer1; int SIZE = 4]	0	static
DrawableList.hpp:79:7:virtual touchgfx::DrawableListItems<CustomContainer2, 2>::~DrawableListItems()	8	static
DrawableList.hpp:79:7:virtual touchgfx::DrawableListItems<CustomContainer1, 4>::~DrawableListItems()	8	static
Callback.hpp:357:8:virtual touchgfx::Callback<MainScreenView, short int>::~Callback()	8	static
MainScreenView.cpp:53:6:virtual void MainScreenView::setupScreen()	0	static
DrawableList.hpp:82:23:touchgfx::Drawable* touchgfx::DrawableListItems<TYPE, SIZE>::getDrawable(int16_t) [with TYPE = CustomContainer2; int SIZE = 2]	8	static
DrawableList.hpp:82:23:touchgfx::Drawable* touchgfx::DrawableListItems<TYPE, SIZE>::getDrawable(int16_t) [with TYPE = CustomContainer1; int SIZE = 4]	8	static
MainScreenView.cpp:44:1:MainScreenView::MainScreenView()	24	static
MainScreenView.cpp:280:5:int timeCal(int, int)	0	static
MainScreenView.cpp:64:6:virtual void MainScreenView::handleTickEvent()	56	static
MainScreenViewBase.hpp:29:13:MainScreenViewBase::~MainScreenViewBase()	8	static
MainScreenViewBase.hpp:29:13:virtual MainScreenViewBase::~MainScreenViewBase()	8	static
MainScreenView.hpp:11:13:MainScreenView::~MainScreenView()	8	static
MainScreenView.hpp:11:13:virtual MainScreenView::~MainScreenView()	8	static
