HAL.hpp:126:18:virtual void touchgfx::HAL::setDisplayOrientation(touchgfx::DisplayOrientation)	0	static
HAL.hpp:611:18:virtual bool touchgfx::HAL::sampleKey(uint8_t&)	0	static
HAL.hpp:801:30:virtual touchgfx::FlashDataReader* touchgfx::HAL::getFlashDataReader() const	0	static
HAL.hpp:950:18:virtual void touchgfx::HAL::taskDelay(uint16_t)	0	static
HAL.hpp:977:22:virtual uint16_t touchgfx::HAL::getTFTCurrentLine()	0	static
HAL.hpp:988:21:virtual touchgfx::DMAType touchgfx::HAL::getDMAType()	0	static
TouchGFXHAL.hpp:31:7:TouchGFXHAL::~TouchGFXHAL()	0	static
TouchGFXHAL.cpp:30:6:virtual void TouchGFXHAL::initialize()	16	static
HAL.hpp:658:18:virtual void touchgfx::HAL::setFrameBufferStartAddresses(void*, void*, void*)	8	static
TouchGFXHAL.cpp:51:11:virtual uint16_t* TouchGFXHAL::getTFTFrameBuffer() const	0	static
TouchGFXHAL.cpp:66:6:virtual void TouchGFXHAL::setTFTFrameBuffer(uint16_t*)	0	static
TouchGFXHAL.cpp:83:6:virtual void TouchGFXHAL::flushFrameBuffer(const touchgfx::Rect&)	16	static,ignoring_inline_asm
TouchGFXHAL.cpp:101:6:virtual bool TouchGFXHAL::blockCopy(void*, const void*, uint32_t)	0	static
TouchGFXHAL.cpp:110:6:virtual void TouchGFXHAL::configureInterrupts()	0	static
TouchGFXHAL.cpp:123:6:virtual void TouchGFXHAL::enableInterrupts()	0	static
TouchGFXHAL.cpp:136:6:virtual void TouchGFXHAL::disableInterrupts()	0	static
TouchGFXHAL.cpp:150:6:virtual void TouchGFXHAL::enableLCDControllerInterrupt()	0	static
HAL.hpp:579:18:virtual void touchgfx::HAL::backPorchExited()	8	static
TouchGFXHAL.hpp:99:18:virtual void TouchGFXHAL::flushFrameBuffer()	0	static
TouchGFXHAL.hpp:31:7:virtual TouchGFXHAL::~TouchGFXHAL()	8	static
HAL.hpp:285:28:virtual touchgfx::BlitOperations touchgfx::HAL::getBlitCaps()	0	static
HAL.hpp:1098:18:virtual void touchgfx::HAL::performDisplayOrientationChange()	12	static
TouchGFXHAL.cpp:162:19:long int IdleTaskHook(void*)	8	static
TouchGFXHAL.cpp:174:1:cpp)	0	static
