Drawable.hpp:132:23:virtual touchgfx::Drawable* touchgfx::Drawable::getFirstChild()	0	static
Drawable.hpp:269:18:virtual void touchgfx::Drawable::setX(int16_t)	0	static
Drawable.hpp:281:18:virtual void touchgfx::Drawable::setY(int16_t)	0	static
Drawable.hpp:310:18:virtual void touchgfx::Drawable::setWidth(int16_t)	0	static
Drawable.hpp:322:18:virtual void touchgfx::Drawable::setHeight(int16_t)	0	static
Drawable.hpp:332:18:virtual void touchgfx::Drawable::childGeometryChanged()	0	static
Drawable.hpp:343:18:virtual void touchgfx::Drawable::handleClickEvent(const touchgfx::ClickEvent&)	0	static
Drawable.hpp:354:18:virtual void touchgfx::Drawable::handleGestureEvent(const touchgfx::GestureEvent&)	0	static
Drawable.hpp:442:18:virtual void touchgfx::Drawable::handleDragEvent(const touchgfx::DragEvent&)	0	static
Drawable.hpp:452:18:virtual void touchgfx::Drawable::handleTickEvent()	0	static
Drawable.hpp:539:18:virtual void touchgfx::Drawable::moveTo(int16_t, int16_t)	4	static
Drawable.hpp:654:18:virtual void touchgfx::Drawable::setupDrawChain(const touchgfx::Rect&, touchgfx::Drawable**)	0	static
Container.hpp:152:23:virtual touchgfx::Drawable* touchgfx::Container::getFirstChild()	0	static
TypedText.hpp:65:13:touchgfx::TypedText::~TypedText()	0	static
Widget.hpp:47:18:virtual void touchgfx::Widget::getLastChild(int16_t, int16_t, touchgfx::Drawable**)	0	static
CustomContainer1Base.hpp:15:13:CustomContainer1Base::~CustomContainer1Base()	0	static
CustomContainer1Base.cpp:23:6:virtual void CustomContainer1Base::initialize()	0	static
TypedText.hpp:65:13:virtual touchgfx::TypedText::~TypedText()	8	static
CustomContainer1Base.hpp:15:13:virtual CustomContainer1Base::~CustomContainer1Base()	8	static
CustomContainer1Base.cpp:8:1:CustomContainer1Base::CustomContainer1Base()	32	static
