Drawable.hpp:132:23:virtual touchgfx::Drawable* touchgfx::Drawable::getFirstChild()	0	static
Drawable.hpp:269:18:virtual void touchgfx::Drawable::setX(int16_t)	0	static
Drawable.hpp:281:18:virtual void touchgfx::Drawable::setY(int16_t)	0	static
Drawable.hpp:310:18:virtual void touchgfx::Drawable::setWidth(int16_t)	0	static
Drawable.hpp:322:18:virtual void touchgfx::Drawable::setHeight(int16_t)	0	static
Drawable.hpp:332:18:virtual void touchgfx::Drawable::childGeometryChanged()	0	static
Drawable.hpp:343:18:virtual void touchgfx::Drawable::handleClickEvent(const touchgfx::ClickEvent&)	0	static
Drawable.hpp:354:18:virtual void touchgfx::Drawable::handleGestureEvent(const touchgfx::GestureEvent&)	0	static
Drawable.hpp:442:18:virtual void touchgfx::Drawable::handleDragEvent(const touchgfx::DragEvent&)	0	static
Drawable.hpp:452:18:virtual void touchgfx::Drawable::handleTickEvent()	0	static
Drawable.hpp:539:18:virtual void touchgfx::Drawable::moveTo(int16_t, int16_t)	4	static
Drawable.hpp:654:18:virtual void touchgfx::Drawable::setupDrawChain(const touchgfx::Rect&, touchgfx::Drawable**)	0	static
Screen.hpp:92:18:virtual void touchgfx::Screen::setupScreen()	0	static
Screen.hpp:103:18:virtual void touchgfx::Screen::afterTransition()	0	static
Screen.hpp:114:18:virtual void touchgfx::Screen::tearDownScreen()	0	static
Screen.hpp:143:18:virtual void touchgfx::Screen::handleTickEvent()	0	static
Screen.hpp:153:18:virtual void touchgfx::Screen::handleKeyEvent(uint8_t)	0	static
Widget.hpp:47:18:virtual void touchgfx::Widget::getLastChild(int16_t, int16_t, touchgfx::Drawable**)	0	static
TypedText.hpp:65:13:touchgfx::TypedText::~TypedText()	0	static
View.hpp:36:7:touchgfx::View<MainScreenPresenter>::~View()	0	static
MainScreenViewBase.hpp:32:18:virtual void MainScreenViewBase::TenScrollWheelUpdateItem(CustomContainer1&, int16_t)	0	static
MainScreenViewBase.hpp:37:18:virtual void MainScreenViewBase::TenScrollWheelUpdateCenterItem(CustomContainer2&, int16_t)	0	static
MainScreenViewBase.hpp:42:18:virtual void MainScreenViewBase::DigitScrollWheelUpdateItem(CustomContainer1&, int16_t)	0	static
MainScreenViewBase.hpp:47:18:virtual void MainScreenViewBase::DigitScrollWheelUpdateCenterItem(CustomContainer2&, int16_t)	0	static
MainScreenViewBase.cpp:366:6:void MainScreenViewBase::updateItemCallbackHandler(touchgfx::DrawableListItemsInterface*, int16_t, int16_t)	24	static
DrawableList.hpp:101:21:int16_t touchgfx::DrawableListItems<TYPE, SIZE>::getNumberOfDrawables() [with TYPE = CustomContainer1; int SIZE = 4]	0	static
DrawableList.hpp:101:21:int16_t touchgfx::DrawableListItems<TYPE, SIZE>::getNumberOfDrawables() [with TYPE = CustomContainer2; int SIZE = 2]	0	static
Callback.hpp:218:8:touchgfx::Callback<MainScreenViewBase, touchgfx::DrawableListItemsInterface*, short int, short int>::~Callback()	0	static
Callback.hpp:357:8:touchgfx::Callback<MainScreenViewBase, const touchgfx::AbstractButton&>::~Callback()	0	static
DrawableList.hpp:79:7:touchgfx::DrawableListItems<CustomContainer2, 2>::~DrawableListItems()	16	static
DrawableList.hpp:79:7:touchgfx::DrawableListItems<CustomContainer1, 4>::~DrawableListItems()	16	static
Callback.hpp:250:18:void touchgfx::Callback<dest_type, T1, T2, T3>::execute(T1, T2, T3) [with dest_type = MainScreenViewBase; T1 = touchgfx::DrawableListItemsInterface*; T2 = short int; T3 = short int]	16	static
Callback.hpp:260:18:bool touchgfx::Callback<dest_type, T1, T2, T3>::isValid() const [with dest_type = MainScreenViewBase; T1 = touchgfx::DrawableListItemsInterface*; T2 = short int; T3 = short int]	0	static
Callback.hpp:386:18:void touchgfx::Callback<dest_type, T1, void, void>::execute(T1) [with dest_type = MainScreenViewBase; T1 = const touchgfx::AbstractButton&]	8	static
Callback.hpp:396:18:bool touchgfx::Callback<dest_type, T1, void, void>::isValid() const [with dest_type = MainScreenViewBase; T1 = const touchgfx::AbstractButton&]	0	static
TypedText.hpp:65:13:virtual touchgfx::TypedText::~TypedText()	8	static
View.hpp:36:7:virtual touchgfx::View<MainScreenPresenter>::~View()	8	static
DrawableList.hpp:79:7:virtual touchgfx::DrawableListItems<CustomContainer1, 4>::~DrawableListItems()	8	static
DrawableList.hpp:79:7:virtual touchgfx::DrawableListItems<CustomContainer2, 2>::~DrawableListItems()	8	static
Callback.hpp:357:8:virtual touchgfx::Callback<MainScreenViewBase, const touchgfx::AbstractButton&>::~Callback()	8	static
Callback.hpp:218:8:virtual touchgfx::Callback<MainScreenViewBase, touchgfx::DrawableListItemsInterface*, short int, short int>::~Callback()	8	static
DrawableList.hpp:82:23:touchgfx::Drawable* touchgfx::DrawableListItems<TYPE, SIZE>::getDrawable(int16_t) [with TYPE = CustomContainer1; int SIZE = 4]	8	static
DrawableList.hpp:82:23:touchgfx::Drawable* touchgfx::DrawableListItems<TYPE, SIZE>::getDrawable(int16_t) [with TYPE = CustomContainer2; int SIZE = 2]	8	static
Bitmap.hpp:133:14:touchgfx::BitmapId touchgfx::Bitmap::getId() const	8	static
Drawable.hpp:48:5:touchgfx::Drawable::Drawable()	0	static
Drawable.hpp:297:10:void touchgfx::Drawable::setXY(int16_t, int16_t)	16	static
Drawable.hpp:216:10:void touchgfx::Drawable::setPosition(int16_t, int16_t, int16_t, int16_t)	16	static
Box.hpp:33:5:touchgfx::Box::Box()	8	static
TextArea.hpp:42:5:touchgfx::TextArea::TextArea()	8	static
ScrollWheelWithSelectionStyle.hpp:152:18:virtual void touchgfx::ScrollWheelWithSelectionStyle::initialize()	8	static
MainScreenViewBase.cpp:295:6:virtual void MainScreenViewBase::setupScreen()	16	static
ToggleButton.hpp:58:10:bool touchgfx::ToggleButton::getState() const	8	static
MainScreenViewBase.cpp:317:6:void MainScreenViewBase::buttonCallbackHandler(const touchgfx::AbstractButton&)	8	static
AbstractPainterRGB565.hpp:41:5:touchgfx::AbstractPainterRGB565::AbstractPainterRGB565()	16	static
DrawableList.hpp:79:7:touchgfx::DrawableListItems<CustomContainer1, 4>::DrawableListItems()	16	static
DrawableList.hpp:79:7:touchgfx::DrawableListItems<CustomContainer2, 2>::DrawableListItems()	8	static
ToggleButton.hpp:32:7:touchgfx::ToggleButton::ToggleButton()	8	static
Line.hpp:248:10:void touchgfx::Line::setLineWidth(T) [with T = int]	4	static
MainScreenViewBase.cpp:27:1:MainScreenViewBase::MainScreenViewBase()	240	static
MainScreenViewBase.hpp:29:13:MainScreenViewBase::~MainScreenViewBase()	8	static
MainScreenViewBase.hpp:29:13:virtual MainScreenViewBase::~MainScreenViewBase()	8	static
