stm32f7xx_hal_msp.c:69:6:HAL_MspInit	8	static
stm32f7xx_hal_msp.c:93:6:HAL_ADC_MspInit	40	static
stm32f7xx_hal_msp.c:126:6:HAL_ADC_MspDeInit	0	static
stm32f7xx_hal_msp.c:154:6:HAL_CRC_MspInit	8	static
stm32f7xx_hal_msp.c:176:6:HAL_CRC_MspDeInit	0	static
stm32f7xx_hal_msp.c:198:6:HAL_DMA2D_MspInit	16	static
stm32f7xx_hal_msp.c:223:6:HAL_DMA2D_MspDeInit	0	static
stm32f7xx_hal_msp.c:248:6:HAL_I2C_MspInit	40	static
stm32f7xx_hal_msp.c:284:6:HAL_I2C_MspDeInit	8	static
stm32f7xx_hal_msp.c:315:6:HAL_LTDC_MspInit	64	static
stm32f7xx_hal_msp.c:416:6:HAL_LTDC_MspDeInit	8	static
stm32f7xx_hal_msp.c:485:6:HAL_QSPI_MspInit	64	static
stm32f7xx_hal_msp.c:548:6:HAL_QSPI_MspDeInit	8	static
stm32f7xx_hal_msp.c:585:6:HAL_TIM_Base_MspInit	24	static
stm32f7xx_hal_msp.c:670:6:HAL_TIM_PWM_MspInit	8	static
stm32f7xx_hal_msp.c:686:6:HAL_TIM_MspPostInit	32	static
stm32f7xx_hal_msp.c:718:6:HAL_TIM_Base_MspDeInit	8	static
stm32f7xx_hal_msp.c:765:6:HAL_TIM_PWM_MspDeInit	0	static
stm32f7xx_hal_msp.c:889:6:HAL_SDRAM_MspInit	48	static
stm32f7xx_hal_msp.c:975:6:HAL_SDRAM_MspDeInit	8	static
