stm32f7xx_it.c:126:6:NMI_Handler	0	static
stm32f7xx_it.c:139:6:HardFault_Handler	0	static
stm32f7xx_it.c:154:6:MemManage_Handler	0	static
stm32f7xx_it.c:169:6:BusFault_Handler	0	static
stm32f7xx_it.c:184:6:UsageFault_Handler	0	static
stm32f7xx_it.c:199:6:DebugMon_Handler	0	static
stm32f7xx_it.c:219:6:DMA1_Stream1_IRQHandler	0	static
stm32f7xx_it.c:233:6:DMA1_Stream2_IRQHandler	0	static
stm32f7xx_it.c:247:6:TIM2_IRQHandler	8	static
stm32f7xx_it.c:297:6:TIM6_DAC_IRQHandler	0	static
stm32f7xx_it.c:311:6:LTDC_IRQHandler	0	static
stm32f7xx_it.c:325:6:DMA2D_IRQHandler	0	static
stm32f7xx_it.c:343:8:tempGetValue	16	static
stm32f7xx_it.c:364:8:log_ln	0	static
stm32f7xx_it.c:379:8:caliVal	32	static
stm32f7xx_it.c:419:8:PID_Contorller	56	static
stm32f7xx_it.c:263:6:TIM3_IRQHandler	16	static
